Using pre-set license
Built from '2022.3/staging' branch; Version is '2022.3.55f1 (9f374180d209) revision 10434369'; Using compiler version '192829333'; Build Type 'Release'
OS: 'Windows 10  (10.0.19045) 64bit Core' Language: 'en' Physical Memory: 16292 MB
BatchMode: 1, IsHumanControllingUs: 0, StartBugReporterOnCrash: 0, Is64bit: 1, IsPro: 1

COMMAND LINE ARGUMENTS:
C:\Program Files\Unity\Hub\Editor\2022.3.55f1\Editor\Unity.exe
-adb2
-batchMode
-noUpm
-name
AssetImportWorker8
-projectPath
D:/Unity Projects/ThermoFlux-Beta100/ThermoFlux-BetaDelieverable
-logFile
Logs/AssetImportWorker8.log
-srvPort
59221
Successfully changed project path to: D:/Unity Projects/ThermoFlux-Beta100/ThermoFlux-BetaDelieverable
D:/Unity Projects/ThermoFlux-Beta100/ThermoFlux-BetaDelieverable
[UnityMemory] Configuration Parameters - Can be set up in boot.config
    "memorysetup-bucket-allocator-granularity=16"
    "memorysetup-bucket-allocator-bucket-count=8"
    "memorysetup-bucket-allocator-block-size=33554432"
    "memorysetup-bucket-allocator-block-count=8"
    "memorysetup-main-allocator-block-size=16777216"
    "memorysetup-thread-allocator-block-size=16777216"
    "memorysetup-gfx-main-allocator-block-size=16777216"
    "memorysetup-gfx-thread-allocator-block-size=16777216"
    "memorysetup-cache-allocator-block-size=4194304"
    "memorysetup-typetree-allocator-block-size=2097152"
    "memorysetup-profiler-bucket-allocator-granularity=16"
    "memorysetup-profiler-bucket-allocator-bucket-count=8"
    "memorysetup-profiler-bucket-allocator-block-size=33554432"
    "memorysetup-profiler-bucket-allocator-block-count=8"
    "memorysetup-profiler-allocator-block-size=16777216"
    "memorysetup-profiler-editor-allocator-block-size=1048576"
    "memorysetup-temp-allocator-size-main=16777216"
    "memorysetup-job-temp-allocator-block-size=2097152"
    "memorysetup-job-temp-allocator-block-size-background=1048576"
    "memorysetup-job-temp-allocator-reduction-small-platforms=262144"
    "memorysetup-allocator-temp-initial-block-size-main=262144"
    "memorysetup-allocator-temp-initial-block-size-worker=262144"
    "memorysetup-temp-allocator-size-background-worker=32768"
    "memorysetup-temp-allocator-size-job-worker=262144"
    "memorysetup-temp-allocator-size-preload-manager=33554432"
    "memorysetup-temp-allocator-size-nav-mesh-worker=65536"
    "memorysetup-temp-allocator-size-audio-worker=65536"
    "memorysetup-temp-allocator-size-cloud-worker=32768"
    "memorysetup-temp-allocator-size-gi-baking-worker=262144"
    "memorysetup-temp-allocator-size-gfx=262144"
Player connection [24876]  Target information:

Player connection [24876]  * "[IP] 192.168.1.150 [Port] 0 [Flags] 2 [Guid] 3771033237 [EditorId] 3771033237 [Version] 1048832 [Id] WindowsEditor(7,DESKTOP-PRUJ1DM) [Debug] 1 [PackageName] WindowsEditor [ProjectName] Editor" 

Player connection [24876] Host joined multi-casting on [225.0.0.222:54997]...
Player connection [24876] Host joined alternative multi-casting on [225.0.0.222:34997]...
[PhysX] Initialized MultithreadedTaskDispatcher with 16 workers.
Refreshing native plugins compatible for Editor in 8.92 ms, found 3 plugins.
Preloading 0 native plugins for Editor in 0.00 ms.
Initialize engine version: 2022.3.55f1 (9f374180d209)
[Subsystems] Discovering subsystems at path C:/Program Files/Unity/Hub/Editor/2022.3.55f1/Editor/Data/Resources/UnitySubsystems
[Subsystems] Discovering subsystems at path D:/Unity Projects/ThermoFlux-Beta100/ThermoFlux-BetaDelieverable/Assets
GfxDevice: creating device client; threaded=0; jobified=0
Direct3D:
    Version:  Direct3D 11.0 [level 11.1]
    Renderer: NVIDIA GeForce RTX 2070 SUPER (ID=0x1e84)
    Vendor:   NVIDIA
    VRAM:     7989 MB
    Driver:   32.0.15.6094
Initialize mono
Mono path[0] = 'C:/Program Files/Unity/Hub/Editor/2022.3.55f1/Editor/Data/Managed'
Mono path[1] = 'C:/Program Files/Unity/Hub/Editor/2022.3.55f1/Editor/Data/MonoBleedingEdge/lib/mono/unityjit-win32'
Mono config path = 'C:/Program Files/Unity/Hub/Editor/2022.3.55f1/Editor/Data/MonoBleedingEdge/etc'
Using monoOptions --debugger-agent=transport=dt_socket,embedding=1,server=y,suspend=n,address=127.0.0.1:56280
Begin MonoManager ReloadAssembly
Registering precompiled unity dll's ...
Register platform support module: C:/Program Files/Unity/Hub/Editor/2022.3.55f1/Editor/Data/PlaybackEngines/WebGLSupport/UnityEditor.WebGL.Extensions.dll
Register platform support module: C:/Program Files/Unity/Hub/Editor/2022.3.55f1/Editor/Data/PlaybackEngines/AndroidPlayer/UnityEditor.Android.Extensions.dll
Register platform support module: C:/Program Files/Unity/Hub/Editor/2022.3.55f1/Editor/Data/PlaybackEngines/WindowsStandaloneSupport/UnityEditor.WindowsStandalone.Extensions.dll
Registered in 0.013562 seconds.
- Loaded All Assemblies, in  0.343 seconds
Native extension for WindowsStandalone target not found
Native extension for Android target not found
Android Extension - Scanning For ADB Devices 230 ms
Native extension for WebGL target not found
Mono: successfully reloaded assembly
- Finished resetting the current domain, in  0.517 seconds
Domain Reload Profiling: 858ms
	BeginReloadAssembly (100ms)
		ExecutionOrderSort (0ms)
		DisableScriptedObjects (0ms)
		BackupInstance (0ms)
		ReleaseScriptingObjects (0ms)
		CreateAndSetChildDomain (1ms)
	RebuildCommonClasses (33ms)
	RebuildNativeTypeToScriptingClass (11ms)
	initialDomainReloadingComplete (62ms)
	LoadAllAssembliesAndSetupDomain (136ms)
		LoadAssemblies (98ms)
		RebuildTransferFunctionScriptingTraits (0ms)
		AnalyzeDomain (133ms)
			TypeCache.Refresh (132ms)
				TypeCache.ScanAssembly (121ms)
			ScanForSourceGeneratedMonoScriptInfo (0ms)
			ResolveRequiredComponents (0ms)
	FinalizeReload (517ms)
		ReleaseScriptCaches (0ms)
		RebuildScriptCaches (0ms)
		SetupLoadedEditorAssemblies (476ms)
			LogAssemblyErrors (0ms)
			InitializePlatformSupportModulesInManaged (325ms)
			SetLoadedEditorAssemblies (4ms)
			RefreshPlugins (0ms)
			BeforeProcessingInitializeOnLoad (2ms)
			ProcessInitializeOnLoadAttributes (108ms)
			ProcessInitializeOnLoadMethodAttributes (38ms)
			AfterProcessingInitializeOnLoad (0ms)
			EditorAssembliesLoaded (0ms)
		ExecutionOrderSort2 (0ms)
		AwakeInstancesAfterBackupRestoration (0ms)
========================================================================
Worker process is ready to serve import requests
Caller must complete domain reload
Begin MonoManager ReloadAssembly
- Loaded All Assemblies, in  0.698 seconds
Native extension for WindowsStandalone target not found
Native extension for Android target not found
Native extension for WebGL target not found
Mono: successfully reloaded assembly
- Finished resetting the current domain, in  0.695 seconds
Domain Reload Profiling: 1391ms
	BeginReloadAssembly (140ms)
		ExecutionOrderSort (0ms)
		DisableScriptedObjects (5ms)
		BackupInstance (0ms)
		ReleaseScriptingObjects (0ms)
		CreateAndSetChildDomain (20ms)
	RebuildCommonClasses (36ms)
	RebuildNativeTypeToScriptingClass (11ms)
	initialDomainReloadingComplete (40ms)
	LoadAllAssembliesAndSetupDomain (468ms)
		LoadAssemblies (297ms)
		RebuildTransferFunctionScriptingTraits (0ms)
		AnalyzeDomain (254ms)
			TypeCache.Refresh (217ms)
				TypeCache.ScanAssembly (200ms)
			ScanForSourceGeneratedMonoScriptInfo (22ms)
			ResolveRequiredComponents (13ms)
	FinalizeReload (696ms)
		ReleaseScriptCaches (0ms)
		RebuildScriptCaches (0ms)
		SetupLoadedEditorAssemblies (542ms)
			LogAssemblyErrors (0ms)
			InitializePlatformSupportModulesInManaged (19ms)
			SetLoadedEditorAssemblies (4ms)
			RefreshPlugins (0ms)
			BeforeProcessingInitializeOnLoad (77ms)
			ProcessInitializeOnLoadAttributes (368ms)
			ProcessInitializeOnLoadMethodAttributes (65ms)
			AfterProcessingInitializeOnLoad (9ms)
			EditorAssembliesLoaded (0ms)
		ExecutionOrderSort2 (0ms)
		AwakeInstancesAfterBackupRestoration (5ms)
Launched and connected shader compiler UnityShaderCompiler.exe after 0.04 seconds
Refreshing native plugins compatible for Editor in 2.80 ms, found 3 plugins.
Preloading 0 native plugins for Editor in 0.00 ms.
Unloading 5625 Unused Serialized files (Serialized files now loaded: 0)
Unloading 40 unused Assets / (417.1 KB). Loaded Objects now: 6096.
Memory consumption went from 217.7 MB to 217.2 MB.
Total: 3.483200 ms (FindLiveObjects: 0.455200 ms CreateObjectMapping: 0.148200 ms MarkObjects: 2.688400 ms  DeleteObjects: 0.190600 ms)

AssetImportParameters requested are different than current active one (requested -> active):
  custom:container-demuxer-ogg: 62fdf1f143b41e24485cea50d1cbac27 -> 
  custom:video-decoder-ogg-theora: a1e56fd34408186e4bbccfd4996cb3dc -> 
  custom:framework-win-MediaFoundation: 216162199b28c13a410421893ffa2e32 -> 
  custom:CustomObjectIndexerAttribute: 72b91833f83ae208fae7752999fa3104 -> 
  custom:container-demuxer-webm: 4f35f7cbe854078d1ac9338744f61a02 -> 
  custom:container-muxer-webm: aa71ff27fc2769a1b78a27578f13a17b -> 
  custom:video-decoder-webm-vp8: 9c59270c3fd7afecdb556c50c9e8de78 -> 
  custom:SearchIndexIgnoredProperties: e643bd26f0fe6173181afceb89e7c659 -> 
  custom:AudioImporter_EditorPlatform: d09bf68614088b80899f8185d706f6e7 -> 
  custom:video-encoder-webm-vp8: eb34c28f22e8b96e1ab97ce403110664 -> 
  custom:audio-decoder-ogg-vorbis: bf7c407c2cedff20999df2af8eb42d56 -> 
  custom:audio-encoder-webm-vorbis: bf7c407c2cedff20999df2af8eb42d56 -> 
========================================================================
Received Import Request.
  Time since last request: 18136.613747 seconds.
  path: Assets/Art Assets/Ethan-Beta-Assets/Metal Tank/Metal Tank_Material_2_MaskMap.png
  artifactKey: Guid(192a0d669550c8749b83479b19d9379d) Importer(815301076,1909f56bfc062723c751e8b465ee728b)
Start importing Assets/Art Assets/Ethan-Beta-Assets/Metal Tank/Metal Tank_Material_2_MaskMap.png using Guid(192a0d669550c8749b83479b19d9379d) Importer(815301076,1909f56bfc062723c751e8b465ee728b) [PhysX] Initialized MultithreadedTaskDispatcher with 16 workers.
[PhysX] Initialized MultithreadedTaskDispatcher with 16 workers.
 -> (artifact id: '32cac8cfe298049a23e724528e6111ca') in 0.080622 seconds
Number of updated asset objects reloaded before import = 0
Number of asset objects unloaded after import = 2
========================================================================
Received Import Request.
  Time since last request: 0.054082 seconds.
  path: Assets/Art Assets/ThermoFlux-Art-Assets/Pipes/Pipes_metal_Normal.png
  artifactKey: Guid(12b80c251ceb9624491b27313c6dbc19) Importer(815301076,1909f56bfc062723c751e8b465ee728b)
Start importing Assets/Art Assets/ThermoFlux-Art-Assets/Pipes/Pipes_metal_Normal.png using Guid(12b80c251ceb9624491b27313c6dbc19) Importer(815301076,1909f56bfc062723c751e8b465ee728b) [PhysX] Initialized MultithreadedTaskDispatcher with 16 workers.
[PhysX] Initialized MultithreadedTaskDispatcher with 16 workers.
 -> (artifact id: '7b3d2928b7cff108f458980ea5438e2b') in 0.017085 seconds
Number of updated asset objects reloaded before import = 0
Number of asset objects unloaded after import = 2
========================================================================
Received Import Request.
  Time since last request: 0.013699 seconds.
  path: Assets/Art Assets/Player_Model/Materials/Player_Model_standardSurface1_BaseMap_sRGB.1001.png
  artifactKey: Guid(95ebb87e14ee90148a6c23f3d506b3d6) Importer(815301076,1909f56bfc062723c751e8b465ee728b)
Start importing Assets/Art Assets/Player_Model/Materials/Player_Model_standardSurface1_BaseMap_sRGB.1001.png using Guid(95ebb87e14ee90148a6c23f3d506b3d6) Importer(815301076,1909f56bfc062723c751e8b465ee728b) [PhysX] Initialized MultithreadedTaskDispatcher with 16 workers.
[PhysX] Initialized MultithreadedTaskDispatcher with 16 workers.
 -> (artifact id: 'ba9d9e4c696fc49b0fc67a1172e191c5') in 0.014795 seconds
Number of updated asset objects reloaded before import = 0
Number of asset objects unloaded after import = 2
========================================================================
Received Import Request.
  Time since last request: 0.045306 seconds.
  path: Assets/Art Assets/Ethan-Beta-Assets/Player_Model/Player_Model_standardSurface1_MaskMap_Raw.1001.png
  artifactKey: Guid(154feec15dad1834a8088c89d4c80ac3) Importer(815301076,1909f56bfc062723c751e8b465ee728b)
Start importing Assets/Art Assets/Ethan-Beta-Assets/Player_Model/Player_Model_standardSurface1_MaskMap_Raw.1001.png using Guid(154feec15dad1834a8088c89d4c80ac3) Importer(815301076,1909f56bfc062723c751e8b465ee728b) [PhysX] Initialized MultithreadedTaskDispatcher with 16 workers.
[PhysX] Initialized MultithreadedTaskDispatcher with 16 workers.
 -> (artifact id: '67d9ccafb0dcd7ebc777215e3b979be5') in 0.017489 seconds
Number of updated asset objects reloaded before import = 0
Number of asset objects unloaded after import = 2
========================================================================
Received Import Request.
  Time since last request: 0.045776 seconds.
  path: Assets/Art Assets/ThermoFlux-Art-Assets/Player_Model/Player_Model_standardSurface1_Normal_Raw.1001.png
  artifactKey: Guid(e0ce02843903e0c469b73ccec33c003c) Importer(815301076,1909f56bfc062723c751e8b465ee728b)
Start importing Assets/Art Assets/ThermoFlux-Art-Assets/Player_Model/Player_Model_standardSurface1_Normal_Raw.1001.png using Guid(e0ce02843903e0c469b73ccec33c003c) Importer(815301076,1909f56bfc062723c751e8b465ee728b) [PhysX] Initialized MultithreadedTaskDispatcher with 16 workers.
[PhysX] Initialized MultithreadedTaskDispatcher with 16 workers.
 -> (artifact id: '00d3561c9aa6f3963e2163d31a526dcd') in 0.015242 seconds
Number of updated asset objects reloaded before import = 0
Number of asset objects unloaded after import = 2
========================================================================
Received Import Request.
  Time since last request: 0.051106 seconds.
  path: Assets/Thirdparty/Ciathyza/Gridbox Prototype Materials/Textures/prototype_512x512_blue2.png
  artifactKey: Guid(17198718c5735204999fb13dc36e290f) Importer(815301076,1909f56bfc062723c751e8b465ee728b)
Start importing Assets/Thirdparty/Ciathyza/Gridbox Prototype Materials/Textures/prototype_512x512_blue2.png using Guid(17198718c5735204999fb13dc36e290f) Importer(815301076,1909f56bfc062723c751e8b465ee728b) [PhysX] Initialized MultithreadedTaskDispatcher with 16 workers.
[PhysX] Initialized MultithreadedTaskDispatcher with 16 workers.
 -> (artifact id: '02b79e0b3e45ed64131fd3c48146c188') in 0.014935 seconds
Number of updated asset objects reloaded before import = 0
Number of asset objects unloaded after import = 2
========================================================================
Received Import Request.
  Time since last request: 0.042498 seconds.
  path: Assets/Thirdparty/Ciathyza/Gridbox Prototype Materials/Textures/prototype_512x512_cyan.png
  artifactKey: Guid(6c35396cb8128474a8a73c6b19f2fe1f) Importer(815301076,1909f56bfc062723c751e8b465ee728b)
Start importing Assets/Thirdparty/Ciathyza/Gridbox Prototype Materials/Textures/prototype_512x512_cyan.png using Guid(6c35396cb8128474a8a73c6b19f2fe1f) Importer(815301076,1909f56bfc062723c751e8b465ee728b) [PhysX] Initialized MultithreadedTaskDispatcher with 16 workers.
[PhysX] Initialized MultithreadedTaskDispatcher with 16 workers.
 -> (artifact id: 'f23c014644494ba5024e209db12de99a') in 0.013772 seconds
Number of updated asset objects reloaded before import = 0
Number of asset objects unloaded after import = 2
========================================================================
Received Import Request.
  Time since last request: 0.071919 seconds.
  path: Assets/Thirdparty/Ciathyza/Gridbox Prototype Materials/Textures/prototype_512x512_green3.png
  artifactKey: Guid(988b6610bda0aca4286aff060b8d16b8) Importer(815301076,1909f56bfc062723c751e8b465ee728b)
Start importing Assets/Thirdparty/Ciathyza/Gridbox Prototype Materials/Textures/prototype_512x512_green3.png using Guid(988b6610bda0aca4286aff060b8d16b8) Importer(815301076,1909f56bfc062723c751e8b465ee728b) [PhysX] Initialized MultithreadedTaskDispatcher with 16 workers.
[PhysX] Initialized MultithreadedTaskDispatcher with 16 workers.
 -> (artifact id: '7a277619340f65727d42d5e1904a952a') in 0.012832 seconds
Number of updated asset objects reloaded before import = 0
Number of asset objects unloaded after import = 2
========================================================================
Received Import Request.
  Time since last request: 0.056304 seconds.
  path: Assets/Thirdparty/Ciathyza/Gridbox Prototype Materials/Textures/prototype_512x512_grey3.png
  artifactKey: Guid(d9c0dd5cdac07b145be73329e489869a) Importer(815301076,1909f56bfc062723c751e8b465ee728b)
Start importing Assets/Thirdparty/Ciathyza/Gridbox Prototype Materials/Textures/prototype_512x512_grey3.png using Guid(d9c0dd5cdac07b145be73329e489869a) Importer(815301076,1909f56bfc062723c751e8b465ee728b) [PhysX] Initialized MultithreadedTaskDispatcher with 16 workers.
[PhysX] Initialized MultithreadedTaskDispatcher with 16 workers.
 -> (artifact id: 'ad6d6253541f709f61ffebe3f758e4db') in 0.014353 seconds
Number of updated asset objects reloaded before import = 0
Number of asset objects unloaded after import = 2
========================================================================
Received Import Request.
  Time since last request: 0.606783 seconds.
  path: Assets/Thirdparty/Ciathyza/Gridbox Prototype Materials/Textures/prototype_512x512_normal.png
  artifactKey: Guid(44ae09ed76086b14e82d37feb30c7650) Importer(815301076,1909f56bfc062723c751e8b465ee728b)
Start importing Assets/Thirdparty/Ciathyza/Gridbox Prototype Materials/Textures/prototype_512x512_normal.png using Guid(44ae09ed76086b14e82d37feb30c7650) Importer(815301076,1909f56bfc062723c751e8b465ee728b) [PhysX] Initialized MultithreadedTaskDispatcher with 16 workers.
[PhysX] Initialized MultithreadedTaskDispatcher with 16 workers.
 -> (artifact id: 'ac250f1a5715a15776dc521c9fef03d9') in 0.041370 seconds
Number of updated asset objects reloaded before import = 0
Number of asset objects unloaded after import = 2
========================================================================
Received Import Request.
  Time since last request: 0.000031 seconds.
  path: Assets/Thirdparty/Ciathyza/Gridbox Prototype Materials/Textures/prototype_512x512_purple.png
  artifactKey: Guid(aa0c741df9dd8634c8d84fd9ba2b0e3d) Importer(815301076,1909f56bfc062723c751e8b465ee728b)
Start importing Assets/Thirdparty/Ciathyza/Gridbox Prototype Materials/Textures/prototype_512x512_purple.png using Guid(aa0c741df9dd8634c8d84fd9ba2b0e3d) Importer(815301076,1909f56bfc062723c751e8b465ee728b) [PhysX] Initialized MultithreadedTaskDispatcher with 16 workers.
[PhysX] Initialized MultithreadedTaskDispatcher with 16 workers.
 -> (artifact id: '726937f8176f86b415b7d500d20260bb') in 0.014936 seconds
Number of updated asset objects reloaded before import = 0
Number of asset objects unloaded after import = 2
========================================================================
Received Import Request.
  Time since last request: 0.000020 seconds.
  path: Assets/Thirdparty/Ciathyza/Gridbox Prototype Materials/Template/prototype_texture_512x512.psd
  artifactKey: Guid(3fe239e19d10e284cb9bb5a748ecb82e) Importer(815301076,1909f56bfc062723c751e8b465ee728b)
Start importing Assets/Thirdparty/Ciathyza/Gridbox Prototype Materials/Template/prototype_texture_512x512.psd using Guid(3fe239e19d10e284cb9bb5a748ecb82e) Importer(815301076,1909f56bfc062723c751e8b465ee728b) [PhysX] Initialized MultithreadedTaskDispatcher with 16 workers.
[PhysX] Initialized MultithreadedTaskDispatcher with 16 workers.
 -> (artifact id: 'f6c3652ec0a49afa83f1e57f9f71c708') in 0.014436 seconds
Number of updated asset objects reloaded before import = 0
Number of asset objects unloaded after import = 2
========================================================================
Received Import Request.
  Time since last request: 0.000018 seconds.
  path: Assets/Art Assets/ThermoFlux-Machine_Art/Assets/StarterAssets/ThirdPersonController/Scenes/Playground/ReflectionProbe-2.exr
  artifactKey: Guid(7e3f1677bc1aead4fb8791998078dcec) Importer(815301076,1909f56bfc062723c751e8b465ee728b)
Start importing Assets/Art Assets/ThermoFlux-Machine_Art/Assets/StarterAssets/ThirdPersonController/Scenes/Playground/ReflectionProbe-2.exr using Guid(7e3f1677bc1aead4fb8791998078dcec) Importer(815301076,1909f56bfc062723c751e8b465ee728b) [PhysX] Initialized MultithreadedTaskDispatcher with 16 workers.
[PhysX] Initialized MultithreadedTaskDispatcher with 16 workers.
[PhysX] Initialized MultithreadedTaskDispatcher with 16 workers.
 -> (artifact id: 'be59b78ca77aa52ffbb23fb0d3dde6ef') in 0.240338 seconds
Number of updated asset objects reloaded before import = 0
Number of asset objects unloaded after import = 20
========================================================================
Received Import Request.
  Time since last request: 0.000025 seconds.
  path: Assets/Art Assets/Particle Sprites/snowflake.png
  artifactKey: Guid(10b2cb56eda49ef4ebc0fa3f5d12dac2) Importer(815301076,1909f56bfc062723c751e8b465ee728b)
Start importing Assets/Art Assets/Particle Sprites/snowflake.png using Guid(10b2cb56eda49ef4ebc0fa3f5d12dac2) Importer(815301076,1909f56bfc062723c751e8b465ee728b) [PhysX] Initialized MultithreadedTaskDispatcher with 16 workers.
[PhysX] Initialized MultithreadedTaskDispatcher with 16 workers.
 -> (artifact id: '536c74bddddc47b548a0e81a3664b5bd') in 0.027053 seconds
Number of updated asset objects reloaded before import = 0
Number of asset objects unloaded after import = 3
========================================================================
Received Import Request.
  Time since last request: 0.000031 seconds.
  path: Assets/Art Assets/ThermoFlux-Machine_Art/Assets/YughuesFreeMetalMaterials/Materials/Textures/T_14_Normal.tga
  artifactKey: Guid(d89e0d9211450ba46a26692c471bc88b) Importer(815301076,1909f56bfc062723c751e8b465ee728b)
Start importing Assets/Art Assets/ThermoFlux-Machine_Art/Assets/YughuesFreeMetalMaterials/Materials/Textures/T_14_Normal.tga using Guid(d89e0d9211450ba46a26692c471bc88b) Importer(815301076,1909f56bfc062723c751e8b465ee728b) [PhysX] Initialized MultithreadedTaskDispatcher with 16 workers.
[PhysX] Initialized MultithreadedTaskDispatcher with 16 workers.
 -> (artifact id: '2c66ca3bce42ba258e52be5b309ed6be') in 0.020569 seconds
Number of updated asset objects reloaded before import = 0
Number of asset objects unloaded after import = 2
========================================================================
Received Import Request.
  Time since last request: 0.000019 seconds.
  path: Assets/Art Assets/ThermoFlux-Machine_Art/Assets/YughuesFreeMetalMaterials/Materials/Textures/T_04_Normal.tga
  artifactKey: Guid(c8032c4dd699e8d4d8aa56e703af1483) Importer(815301076,1909f56bfc062723c751e8b465ee728b)
Start importing Assets/Art Assets/ThermoFlux-Machine_Art/Assets/YughuesFreeMetalMaterials/Materials/Textures/T_04_Normal.tga using Guid(c8032c4dd699e8d4d8aa56e703af1483) Importer(815301076,1909f56bfc062723c751e8b465ee728b) [PhysX] Initialized MultithreadedTaskDispatcher with 16 workers.
[PhysX] Initialized MultithreadedTaskDispatcher with 16 workers.
 -> (artifact id: 'c523a06199b534efea33cdabe19a028f') in 0.017444 seconds
Number of updated asset objects reloaded before import = 0
Number of asset objects unloaded after import = 2
========================================================================
Received Import Request.
  Time since last request: 0.000024 seconds.
  path: Assets/Art Assets/ThermoFlux-Machine_Art/Assets/YughuesFreeMetalMaterials/Materials/Textures/T_16_Specular.tga
  artifactKey: Guid(b4745deb35e7f4a42a3a9da87633930e) Importer(815301076,1909f56bfc062723c751e8b465ee728b)
Start importing Assets/Art Assets/ThermoFlux-Machine_Art/Assets/YughuesFreeMetalMaterials/Materials/Textures/T_16_Specular.tga using Guid(b4745deb35e7f4a42a3a9da87633930e) Importer(815301076,1909f56bfc062723c751e8b465ee728b) [PhysX] Initialized MultithreadedTaskDispatcher with 16 workers.
[PhysX] Initialized MultithreadedTaskDispatcher with 16 workers.
 -> (artifact id: 'e260d7c4daa1725b979828e8c3fd5493') in 0.015098 seconds
Number of updated asset objects reloaded before import = 0
Number of asset objects unloaded after import = 2
========================================================================
Received Import Request.
  Time since last request: 0.000019 seconds.
  path: Assets/Art Assets/ThermoFlux-Machine_Art/Assets/YughuesFreeMetalMaterials/Materials/Textures/T_10_Normal.tga
  artifactKey: Guid(e0ceb8567a0394b4f85cb11fdac74d36) Importer(815301076,1909f56bfc062723c751e8b465ee728b)
Start importing Assets/Art Assets/ThermoFlux-Machine_Art/Assets/YughuesFreeMetalMaterials/Materials/Textures/T_10_Normal.tga using Guid(e0ceb8567a0394b4f85cb11fdac74d36) Importer(815301076,1909f56bfc062723c751e8b465ee728b) [PhysX] Initialized MultithreadedTaskDispatcher with 16 workers.
[PhysX] Initialized MultithreadedTaskDispatcher with 16 workers.
 -> (artifact id: '8eeea814fb1e51e4dc17e637b257efa9') in 0.015931 seconds
Number of updated asset objects reloaded before import = 0
Number of asset objects unloaded after import = 2
========================================================================
Received Import Request.
  Time since last request: 0.000025 seconds.
  path: Assets/Art Assets/ThermoFlux-Machine_Art/Assets/YughuesFreeMetalMaterials/Materials/Textures/T_07_Diffuse.tga
  artifactKey: Guid(d0e1b4cdfbad6b348a3f788a993a77d4) Importer(815301076,1909f56bfc062723c751e8b465ee728b)
Start importing Assets/Art Assets/ThermoFlux-Machine_Art/Assets/YughuesFreeMetalMaterials/Materials/Textures/T_07_Diffuse.tga using Guid(d0e1b4cdfbad6b348a3f788a993a77d4) Importer(815301076,1909f56bfc062723c751e8b465ee728b) [PhysX] Initialized MultithreadedTaskDispatcher with 16 workers.
[PhysX] Initialized MultithreadedTaskDispatcher with 16 workers.
 -> (artifact id: '51d217f46885a721de9f192f691bea18') in 0.014275 seconds
Number of updated asset objects reloaded before import = 0
Number of asset objects unloaded after import = 2
========================================================================
Received Import Request.
  Time since last request: 0.000020 seconds.
  path: Assets/Art Assets/ThermoFlux-Machine_Art/Assets/YughuesFreeMetalMaterials/Materials/Textures/T_17_Specular.tga
  artifactKey: Guid(d1b497fcc74016c4fa7a75ade1959045) Importer(815301076,1909f56bfc062723c751e8b465ee728b)
Start importing Assets/Art Assets/ThermoFlux-Machine_Art/Assets/YughuesFreeMetalMaterials/Materials/Textures/T_17_Specular.tga using Guid(d1b497fcc74016c4fa7a75ade1959045) Importer(815301076,1909f56bfc062723c751e8b465ee728b) [PhysX] Initialized MultithreadedTaskDispatcher with 16 workers.
[PhysX] Initialized MultithreadedTaskDispatcher with 16 workers.
 -> (artifact id: '49288143a715ac9810b3584f15f99fa2') in 0.014266 seconds
Number of updated asset objects reloaded before import = 0
Number of asset objects unloaded after import = 2
========================================================================
Received Import Request.
  Time since last request: 0.000025 seconds.
  path: Assets/Art Assets/Art Assets/Particle Sprites/snowflake.png
  artifactKey: Guid(0e71878d6da518a42bdd03ab55354a62) Importer(815301076,1909f56bfc062723c751e8b465ee728b)
Start importing Assets/Art Assets/Art Assets/Particle Sprites/snowflake.png using Guid(0e71878d6da518a42bdd03ab55354a62) Importer(815301076,1909f56bfc062723c751e8b465ee728b) [PhysX] Initialized MultithreadedTaskDispatcher with 16 workers.
[PhysX] Initialized MultithreadedTaskDispatcher with 16 workers.
 -> (artifact id: 'e629f7ae599d9ac00ba3cf6aa5169555') in 0.019479 seconds
Number of updated asset objects reloaded before import = 0
Number of asset objects unloaded after import = 3
========================================================================
Received Import Request.
  Time since last request: 0.000028 seconds.
  path: Assets/Art Assets/ThermoFlux-Machine_Art/Assets/YughuesFreeMetalMaterials/Materials/Textures/T_13_Diffuse.tga
  artifactKey: Guid(33dc51d475a7a4146b3b5d4c45273177) Importer(815301076,1909f56bfc062723c751e8b465ee728b)
Start importing Assets/Art Assets/ThermoFlux-Machine_Art/Assets/YughuesFreeMetalMaterials/Materials/Textures/T_13_Diffuse.tga using Guid(33dc51d475a7a4146b3b5d4c45273177) Importer(815301076,1909f56bfc062723c751e8b465ee728b) [PhysX] Initialized MultithreadedTaskDispatcher with 16 workers.
[PhysX] Initialized MultithreadedTaskDispatcher with 16 workers.
 -> (artifact id: '1ce8409029df5fa41b226a840c29c85a') in 0.016303 seconds
Number of updated asset objects reloaded before import = 0
Number of asset objects unloaded after import = 2
========================================================================
Received Import Request.
  Time since last request: 0.000024 seconds.
  path: Assets/Art Assets/ThermoFlux-Machine_Art/Assets/YughuesFreeMetalMaterials/Materials/Textures/T_04_Diffuse.tga
  artifactKey: Guid(34642f23da78a9f43b87e30f0b38a796) Importer(815301076,1909f56bfc062723c751e8b465ee728b)
Start importing Assets/Art Assets/ThermoFlux-Machine_Art/Assets/YughuesFreeMetalMaterials/Materials/Textures/T_04_Diffuse.tga using Guid(34642f23da78a9f43b87e30f0b38a796) Importer(815301076,1909f56bfc062723c751e8b465ee728b) [PhysX] Initialized MultithreadedTaskDispatcher with 16 workers.
[PhysX] Initialized MultithreadedTaskDispatcher with 16 workers.
 -> (artifact id: '4a79392cc1d9db9b53ce24cc72b51123') in 0.015624 seconds
Number of updated asset objects reloaded before import = 0
Number of asset objects unloaded after import = 2
========================================================================
Received Import Request.
  Time since last request: 0.000032 seconds.
  path: Assets/Art Assets/ThermoFlux-Machine_Art/Assets/YughuesFreeMetalMaterials/Materials/Textures/T_05_Specular.tga
  artifactKey: Guid(b4ed233c9409f8a4e83a267a7d60f523) Importer(815301076,1909f56bfc062723c751e8b465ee728b)
Start importing Assets/Art Assets/ThermoFlux-Machine_Art/Assets/YughuesFreeMetalMaterials/Materials/Textures/T_05_Specular.tga using Guid(b4ed233c9409f8a4e83a267a7d60f523) Importer(815301076,1909f56bfc062723c751e8b465ee728b) [PhysX] Initialized MultithreadedTaskDispatcher with 16 workers.
[PhysX] Initialized MultithreadedTaskDispatcher with 16 workers.
 -> (artifact id: '2e1e8b03d22f38040872d9bff203f5b4') in 0.017104 seconds
Number of updated asset objects reloaded before import = 0
Number of asset objects unloaded after import = 2
========================================================================
Received Import Request.
  Time since last request: 0.000026 seconds.
  path: Assets/Art Assets/ThermoFlux-Machine_Art/Assets/YughuesFreeMetalMaterials/Materials/Textures/T_08_Normal.tga
  artifactKey: Guid(2ee180c070da9554385c5a088aae062e) Importer(815301076,1909f56bfc062723c751e8b465ee728b)
Start importing Assets/Art Assets/ThermoFlux-Machine_Art/Assets/YughuesFreeMetalMaterials/Materials/Textures/T_08_Normal.tga using Guid(2ee180c070da9554385c5a088aae062e) Importer(815301076,1909f56bfc062723c751e8b465ee728b) [PhysX] Initialized MultithreadedTaskDispatcher with 16 workers.
[PhysX] Initialized MultithreadedTaskDispatcher with 16 workers.
 -> (artifact id: '0dc5e8d5d389ba15f1ca53aa7c67ff81') in 0.016889 seconds
Number of updated asset objects reloaded before import = 0
Number of asset objects unloaded after import = 2
========================================================================
Received Import Request.
  Time since last request: 0.000033 seconds.
  path: Assets/Art Assets/ThermoFlux-Machine_Art/Assets/YughuesFreeMetalMaterials/Materials/Textures/T_13_Normal.tga
  artifactKey: Guid(85f9003fe1dd73a42a65527724405180) Importer(815301076,1909f56bfc062723c751e8b465ee728b)
Start importing Assets/Art Assets/ThermoFlux-Machine_Art/Assets/YughuesFreeMetalMaterials/Materials/Textures/T_13_Normal.tga using Guid(85f9003fe1dd73a42a65527724405180) Importer(815301076,1909f56bfc062723c751e8b465ee728b) [PhysX] Initialized MultithreadedTaskDispatcher with 16 workers.
[PhysX] Initialized MultithreadedTaskDispatcher with 16 workers.
 -> (artifact id: '3240fa2dc5f19cf3082c5f18107b33ad') in 0.015348 seconds
Number of updated asset objects reloaded before import = 0
Number of asset objects unloaded after import = 2
========================================================================
Received Import Request.
  Time since last request: 0.134423 seconds.
  path: Assets/Art Assets/ThermoFlux-Machine_Art/Assets/YughuesFreeMetalMaterials/Materials/Textures/T_18_Normal.tga
  artifactKey: Guid(c902dc60be5856949909aacd8d22ccea) Importer(815301076,1909f56bfc062723c751e8b465ee728b)
Start importing Assets/Art Assets/ThermoFlux-Machine_Art/Assets/YughuesFreeMetalMaterials/Materials/Textures/T_18_Normal.tga using Guid(c902dc60be5856949909aacd8d22ccea) Importer(815301076,1909f56bfc062723c751e8b465ee728b) [PhysX] Initialized MultithreadedTaskDispatcher with 16 workers.
[PhysX] Initialized MultithreadedTaskDispatcher with 16 workers.
 -> (artifact id: 'f57943a902b9a821f7c3079cc26ec849') in 0.015378 seconds
Number of updated asset objects reloaded before import = 0
Number of asset objects unloaded after import = 2
========================================================================
Received Import Request.
  Time since last request: 0.043262 seconds.
  path: Assets/Art Assets/ThermoFlux-Machine_Art/Assets/YughuesFreeMetalMaterials/Materials/Textures/T_18_Specular.tga
  artifactKey: Guid(7ff2b9825ec83cf4e9225113a0b09455) Importer(815301076,1909f56bfc062723c751e8b465ee728b)
Start importing Assets/Art Assets/ThermoFlux-Machine_Art/Assets/YughuesFreeMetalMaterials/Materials/Textures/T_18_Specular.tga using Guid(7ff2b9825ec83cf4e9225113a0b09455) Importer(815301076,1909f56bfc062723c751e8b465ee728b) [PhysX] Initialized MultithreadedTaskDispatcher with 16 workers.
[PhysX] Initialized MultithreadedTaskDispatcher with 16 workers.
 -> (artifact id: '8189bb949d26977aaa24fdcf61fd67ff') in 0.036670 seconds
Number of updated asset objects reloaded before import = 0
Number of asset objects unloaded after import = 2
========================================================================
Received Import Request.
  Time since last request: 0.000018 seconds.
  path: Assets/Art Assets/ThermoFlux-Machine_Art/Assets/YughuesFreeMetalMaterials/Materials/Textures/T_19_Specular.tga
  artifactKey: Guid(edad444768045b242afcceaa7d352ffb) Importer(815301076,1909f56bfc062723c751e8b465ee728b)
Start importing Assets/Art Assets/ThermoFlux-Machine_Art/Assets/YughuesFreeMetalMaterials/Materials/Textures/T_19_Specular.tga using Guid(edad444768045b242afcceaa7d352ffb) Importer(815301076,1909f56bfc062723c751e8b465ee728b) [PhysX] Initialized MultithreadedTaskDispatcher with 16 workers.
[PhysX] Initialized MultithreadedTaskDispatcher with 16 workers.
 -> (artifact id: 'a690a9fc332660700713c0abc8d116f9') in 0.017269 seconds
Number of updated asset objects reloaded before import = 0
Number of asset objects unloaded after import = 2
========================================================================
Received Import Request.
  Time since last request: 0.101354 seconds.
  path: Assets/Art Assets/ThermoFlux-Machine_Art/Assets/YughuesFreeMetalMaterials/Materials/Textures/T_20_Specular.tga
  artifactKey: Guid(bb501974d576ad945a07b28c3af045a9) Importer(815301076,1909f56bfc062723c751e8b465ee728b)
Start importing Assets/Art Assets/ThermoFlux-Machine_Art/Assets/YughuesFreeMetalMaterials/Materials/Textures/T_20_Specular.tga using Guid(bb501974d576ad945a07b28c3af045a9) Importer(815301076,1909f56bfc062723c751e8b465ee728b) [PhysX] Initialized MultithreadedTaskDispatcher with 16 workers.
[PhysX] Initialized MultithreadedTaskDispatcher with 16 workers.
 -> (artifact id: 'e9c93d32a078138bb73802b167d9c63f') in 0.013895 seconds
Number of updated asset objects reloaded before import = 0
Number of asset objects unloaded after import = 2
========================================================================
Received Import Request.
  Time since last request: 0.022454 seconds.
  path: Assets/Art Assets/ThermoFlux-Machine_Art/Assets/YughuesFreeMetalMaterials/Materials/Textures/T_21_Specular.tga
  artifactKey: Guid(c979550daad02764d983ba90e592ad9d) Importer(815301076,1909f56bfc062723c751e8b465ee728b)
Start importing Assets/Art Assets/ThermoFlux-Machine_Art/Assets/YughuesFreeMetalMaterials/Materials/Textures/T_21_Specular.tga using Guid(c979550daad02764d983ba90e592ad9d) Importer(815301076,1909f56bfc062723c751e8b465ee728b) [PhysX] Initialized MultithreadedTaskDispatcher with 16 workers.
[PhysX] Initialized MultithreadedTaskDispatcher with 16 workers.
 -> (artifact id: '9b7a92ee8610d585b1d97339ccc173b4') in 0.014757 seconds
Number of updated asset objects reloaded before import = 0
Number of asset objects unloaded after import = 2
========================================================================
Received Import Request.
  Time since last request: 0.257215 seconds.
  path: Assets/Art Assets/ThermoFlux-Machine_Art/Assets/YughuesFreeMetalMaterials/Materials/Textures/T_22_Specular.tga
  artifactKey: Guid(15e885e03e6987540a13c5f25e1e7f4b) Importer(815301076,1909f56bfc062723c751e8b465ee728b)
Start importing Assets/Art Assets/ThermoFlux-Machine_Art/Assets/YughuesFreeMetalMaterials/Materials/Textures/T_22_Specular.tga using Guid(15e885e03e6987540a13c5f25e1e7f4b) Importer(815301076,1909f56bfc062723c751e8b465ee728b) [PhysX] Initialized MultithreadedTaskDispatcher with 16 workers.
[PhysX] Initialized MultithreadedTaskDispatcher with 16 workers.
 -> (artifact id: '20bdbf8a43d58aae0c4f8400e6b8415a') in 0.014053 seconds
Number of updated asset objects reloaded before import = 0
Number of asset objects unloaded after import = 2
========================================================================
Received Import Request.
  Time since last request: 0.014028 seconds.
  path: Assets/Art Assets/ThermoFlux-Machine_Art/Assets/YughuesFreeMetalMaterials/Materials/Textures/T_23_Specular.tga
  artifactKey: Guid(ca94c84d71c5f1444a24b94522d26e9e) Importer(815301076,1909f56bfc062723c751e8b465ee728b)
Start importing Assets/Art Assets/ThermoFlux-Machine_Art/Assets/YughuesFreeMetalMaterials/Materials/Textures/T_23_Specular.tga using Guid(ca94c84d71c5f1444a24b94522d26e9e) Importer(815301076,1909f56bfc062723c751e8b465ee728b) [PhysX] Initialized MultithreadedTaskDispatcher with 16 workers.
[PhysX] Initialized MultithreadedTaskDispatcher with 16 workers.
 -> (artifact id: '5f712e76e92cd5a0964c896d2ac60b5d') in 0.013923 seconds
Number of updated asset objects reloaded before import = 0
Number of asset objects unloaded after import = 2
========================================================================
Received Import Request.
  Time since last request: 0.015327 seconds.
  path: Assets/Art Assets/ThermoFlux-Machine_Art/Assets/YughuesFreeMetalMaterials/Materials/Textures/T_24_Specular.tga
  artifactKey: Guid(48be6ed832adba94999829854028da95) Importer(815301076,1909f56bfc062723c751e8b465ee728b)
Start importing Assets/Art Assets/ThermoFlux-Machine_Art/Assets/YughuesFreeMetalMaterials/Materials/Textures/T_24_Specular.tga using Guid(48be6ed832adba94999829854028da95) Importer(815301076,1909f56bfc062723c751e8b465ee728b) [PhysX] Initialized MultithreadedTaskDispatcher with 16 workers.
[PhysX] Initialized MultithreadedTaskDispatcher with 16 workers.
 -> (artifact id: 'b94a7d0f336c00e01f4f62d7d56604e7') in 0.017333 seconds
Number of updated asset objects reloaded before import = 0
Number of asset objects unloaded after import = 2
========================================================================
Received Import Request.
  Time since last request: 0.023410 seconds.
  path: Assets/Art Assets/ThermoFlux-Machine_Art/Assets/YughuesFreeMetalMaterials/Materials/Textures/T_26_Specular.tga
  artifactKey: Guid(7a69b4259fea3f04fae8f266184826fa) Importer(815301076,1909f56bfc062723c751e8b465ee728b)
Start importing Assets/Art Assets/ThermoFlux-Machine_Art/Assets/YughuesFreeMetalMaterials/Materials/Textures/T_26_Specular.tga using Guid(7a69b4259fea3f04fae8f266184826fa) Importer(815301076,1909f56bfc062723c751e8b465ee728b) [PhysX] Initialized MultithreadedTaskDispatcher with 16 workers.
[PhysX] Initialized MultithreadedTaskDispatcher with 16 workers.
 -> (artifact id: '78ab949ab46886e1c2e715df62005841') in 0.015081 seconds
Number of updated asset objects reloaded before import = 0
Number of asset objects unloaded after import = 2
========================================================================
Received Import Request.
  Time since last request: 0.441625 seconds.
  path: Assets/Art Assets/ThermoFlux-Machine_Art/Assets/Furnace.fbm/T_28_Diffuse.tga
  artifactKey: Guid(5ffcc500f7eda4f408dd1355adba8ee9) Importer(815301076,1909f56bfc062723c751e8b465ee728b)
Start importing Assets/Art Assets/ThermoFlux-Machine_Art/Assets/Furnace.fbm/T_28_Diffuse.tga using Guid(5ffcc500f7eda4f408dd1355adba8ee9) Importer(815301076,1909f56bfc062723c751e8b465ee728b) [PhysX] Initialized MultithreadedTaskDispatcher with 16 workers.
[PhysX] Initialized MultithreadedTaskDispatcher with 16 workers.
 -> (artifact id: '5720853946740a1cd4488a5afebfcef4') in 0.010280 seconds
Number of updated asset objects reloaded before import = 0
Number of asset objects unloaded after import = 2
========================================================================
Received Import Request.
  Time since last request: 0.046010 seconds.
  path: Assets/Art Assets/ThermoFlux-Machine_Art/Assets/YughuesFreeMetalMaterials/Materials/Textures/T_28_Normal.tga
  artifactKey: Guid(295f3d524574d1c46b83457cc0c64f78) Importer(815301076,1909f56bfc062723c751e8b465ee728b)
Start importing Assets/Art Assets/ThermoFlux-Machine_Art/Assets/YughuesFreeMetalMaterials/Materials/Textures/T_28_Normal.tga using Guid(295f3d524574d1c46b83457cc0c64f78) Importer(815301076,1909f56bfc062723c751e8b465ee728b) [PhysX] Initialized MultithreadedTaskDispatcher with 16 workers.
[PhysX] Initialized MultithreadedTaskDispatcher with 16 workers.
 -> (artifact id: 'e413eb7d15907ca524d3d8090adc8b85') in 0.014150 seconds
Number of updated asset objects reloaded before import = 0
Number of asset objects unloaded after import = 2
========================================================================
Received Import Request.
  Time since last request: 0.021798 seconds.
  path: Assets/Art Assets/ThermoFlux-Machine_Art/Assets/YughuesFreeMetalMaterials/Materials/Textures/T_29_Diffuse.tga
  artifactKey: Guid(e8642de7dca4ee042b91319e75d59ce2) Importer(815301076,1909f56bfc062723c751e8b465ee728b)
Start importing Assets/Art Assets/ThermoFlux-Machine_Art/Assets/YughuesFreeMetalMaterials/Materials/Textures/T_29_Diffuse.tga using Guid(e8642de7dca4ee042b91319e75d59ce2) Importer(815301076,1909f56bfc062723c751e8b465ee728b) [PhysX] Initialized MultithreadedTaskDispatcher with 16 workers.
[PhysX] Initialized MultithreadedTaskDispatcher with 16 workers.
 -> (artifact id: 'af7d0027c6dc406998001243ea20d6d2') in 0.012345 seconds
Number of updated asset objects reloaded before import = 0
Number of asset objects unloaded after import = 2
========================================================================
Received Import Request.
  Time since last request: 0.015260 seconds.
  path: Assets/Art Assets/ThermoFlux-Machine_Art/Assets/Furnace_Decor.fbm/T_29_Normal.tga
  artifactKey: Guid(e02ada568efd0c4448e5768ccb0d29b1) Importer(815301076,1909f56bfc062723c751e8b465ee728b)
Start importing Assets/Art Assets/ThermoFlux-Machine_Art/Assets/Furnace_Decor.fbm/T_29_Normal.tga using Guid(e02ada568efd0c4448e5768ccb0d29b1) Importer(815301076,1909f56bfc062723c751e8b465ee728b) [PhysX] Initialized MultithreadedTaskDispatcher with 16 workers.
[PhysX] Initialized MultithreadedTaskDispatcher with 16 workers.
 -> (artifact id: 'e5949840bd78da399a4a7c18fae0f711') in 0.013257 seconds
Number of updated asset objects reloaded before import = 0
Number of asset objects unloaded after import = 2
========================================================================
Received Import Request.
  Time since last request: 0.020531 seconds.
  path: Assets/Art Assets/ThermoFlux-Machine_Art/Assets/Furnace.fbm/T_30_Diffuse.tga
  artifactKey: Guid(6852cb203ed62ef4fa77f24c4951a837) Importer(815301076,1909f56bfc062723c751e8b465ee728b)
Start importing Assets/Art Assets/ThermoFlux-Machine_Art/Assets/Furnace.fbm/T_30_Diffuse.tga using Guid(6852cb203ed62ef4fa77f24c4951a837) Importer(815301076,1909f56bfc062723c751e8b465ee728b) [PhysX] Initialized MultithreadedTaskDispatcher with 16 workers.
[PhysX] Initialized MultithreadedTaskDispatcher with 16 workers.
 -> (artifact id: '674e613ec3c355c6d7598ac1dd0d8d1f') in 0.013997 seconds
Number of updated asset objects reloaded before import = 0
Number of asset objects unloaded after import = 2
========================================================================
Received Import Request.
  Time since last request: 0.012130 seconds.
  path: Assets/Art Assets/ThermoFlux-Machine_Art/Assets/Furnace_Decor.fbm/T_30_Normal.tga
  artifactKey: Guid(87997b8f0b3fc7b478db72c6c307d31f) Importer(815301076,1909f56bfc062723c751e8b465ee728b)
Start importing Assets/Art Assets/ThermoFlux-Machine_Art/Assets/Furnace_Decor.fbm/T_30_Normal.tga using Guid(87997b8f0b3fc7b478db72c6c307d31f) Importer(815301076,1909f56bfc062723c751e8b465ee728b) [PhysX] Initialized MultithreadedTaskDispatcher with 16 workers.
[PhysX] Initialized MultithreadedTaskDispatcher with 16 workers.
 -> (artifact id: '02b973040809bf99a1fa9d2514ab41eb') in 0.014176 seconds
Number of updated asset objects reloaded before import = 0
Number of asset objects unloaded after import = 2
========================================================================
Received Import Request.
  Time since last request: 0.023697 seconds.
  path: Assets/Art Assets/ThermoFlux-Machine_Art/Assets/YughuesFreeMetalMaterials/Materials/Textures/T_31_Specular.tga
  artifactKey: Guid(384e3a81535804f4b8ba6a0c1a288812) Importer(815301076,1909f56bfc062723c751e8b465ee728b)
Start importing Assets/Art Assets/ThermoFlux-Machine_Art/Assets/YughuesFreeMetalMaterials/Materials/Textures/T_31_Specular.tga using Guid(384e3a81535804f4b8ba6a0c1a288812) Importer(815301076,1909f56bfc062723c751e8b465ee728b) [PhysX] Initialized MultithreadedTaskDispatcher with 16 workers.
[PhysX] Initialized MultithreadedTaskDispatcher with 16 workers.
 -> (artifact id: 'be5ae59e287e27013a2cfa6a65b371d5') in 0.014193 seconds
Number of updated asset objects reloaded before import = 0
Number of asset objects unloaded after import = 2
========================================================================
Received Import Request.
  Time since last request: 0.012722 seconds.
  path: Assets/Art Assets/ThermoFlux-Machine_Art/Assets/YughuesFreeMetalMaterials/Materials/Textures/T_32_Specular.tga
  artifactKey: Guid(a56680fa333c9894ba111daea6d1c386) Importer(815301076,1909f56bfc062723c751e8b465ee728b)
Start importing Assets/Art Assets/ThermoFlux-Machine_Art/Assets/YughuesFreeMetalMaterials/Materials/Textures/T_32_Specular.tga using Guid(a56680fa333c9894ba111daea6d1c386) Importer(815301076,1909f56bfc062723c751e8b465ee728b) [PhysX] Initialized MultithreadedTaskDispatcher with 16 workers.
[PhysX] Initialized MultithreadedTaskDispatcher with 16 workers.
 -> (artifact id: '2f9188339205f84d15270571d1862590') in 0.014584 seconds
Number of updated asset objects reloaded before import = 0
Number of asset objects unloaded after import = 2
========================================================================
Received Import Request.
  Time since last request: 0.000023 seconds.
  path: Assets/Art Assets/ThermoFlux-Machine_Art/Assets/YughuesFreeMetalMaterials/Materials/Textures/T_33_Normal.tga
  artifactKey: Guid(6efa5bd4c9b0d8a4c98eb99feafec635) Importer(815301076,1909f56bfc062723c751e8b465ee728b)
Start importing Assets/Art Assets/ThermoFlux-Machine_Art/Assets/YughuesFreeMetalMaterials/Materials/Textures/T_33_Normal.tga using Guid(6efa5bd4c9b0d8a4c98eb99feafec635) Importer(815301076,1909f56bfc062723c751e8b465ee728b) [PhysX] Initialized MultithreadedTaskDispatcher with 16 workers.
[PhysX] Initialized MultithreadedTaskDispatcher with 16 workers.
 -> (artifact id: '80b3c9ed0153fb283b32558b384f959c') in 0.015398 seconds
Number of updated asset objects reloaded before import = 0
Number of asset objects unloaded after import = 2
========================================================================
Received Import Request.
  Time since last request: 0.000027 seconds.
  path: Assets/Art Assets/ThermoFlux-Machine_Art/Assets/YughuesFreeMetalMaterials/Materials/Textures/T_33_Specular.tga
  artifactKey: Guid(2f8736d3b14d57248aa4deb116b93d32) Importer(815301076,1909f56bfc062723c751e8b465ee728b)
Start importing Assets/Art Assets/ThermoFlux-Machine_Art/Assets/YughuesFreeMetalMaterials/Materials/Textures/T_33_Specular.tga using Guid(2f8736d3b14d57248aa4deb116b93d32) Importer(815301076,1909f56bfc062723c751e8b465ee728b) [PhysX] Initialized MultithreadedTaskDispatcher with 16 workers.
[PhysX] Initialized MultithreadedTaskDispatcher with 16 workers.
 -> (artifact id: '76e2079ccbc049fcefa6d642580f1d54') in 0.016395 seconds
Number of updated asset objects reloaded before import = 0
Number of asset objects unloaded after import = 2
========================================================================
Received Import Request.
  Time since last request: 0.000027 seconds.
  path: Assets/Art Assets/ThermoFlux-Machine_Art/Assets/YughuesFreeMetalMaterials/Materials/Textures/T_36_Specular.tga
  artifactKey: Guid(f0227a91a3a34cf459bf745bb80cc352) Importer(815301076,1909f56bfc062723c751e8b465ee728b)
Start importing Assets/Art Assets/ThermoFlux-Machine_Art/Assets/YughuesFreeMetalMaterials/Materials/Textures/T_36_Specular.tga using Guid(f0227a91a3a34cf459bf745bb80cc352) Importer(815301076,1909f56bfc062723c751e8b465ee728b) [PhysX] Initialized MultithreadedTaskDispatcher with 16 workers.
[PhysX] Initialized MultithreadedTaskDispatcher with 16 workers.
 -> (artifact id: '1afda5804403379a6c72c29433f18425') in 0.019204 seconds
Number of updated asset objects reloaded before import = 0
Number of asset objects unloaded after import = 2
========================================================================
Received Import Request.
  Time since last request: 0.008990 seconds.
  path: Assets/Art Assets/ThermoFlux-Machine_Art/Assets/YughuesFreeMetalMaterials/Materials/Textures/T_37_Specular.tga
  artifactKey: Guid(0182e461824e4f54798ad0a99fdd7f72) Importer(815301076,1909f56bfc062723c751e8b465ee728b)
Start importing Assets/Art Assets/ThermoFlux-Machine_Art/Assets/YughuesFreeMetalMaterials/Materials/Textures/T_37_Specular.tga using Guid(0182e461824e4f54798ad0a99fdd7f72) Importer(815301076,1909f56bfc062723c751e8b465ee728b) [PhysX] Initialized MultithreadedTaskDispatcher with 16 workers.
[PhysX] Initialized MultithreadedTaskDispatcher with 16 workers.
 -> (artifact id: '7104684f4138e96229e765361bafe368') in 0.013742 seconds
Number of updated asset objects reloaded before import = 0
Number of asset objects unloaded after import = 2
========================================================================
Received Import Request.
  Time since last request: 0.000028 seconds.
  path: Assets/Art Assets/ThermoFlux-Machine_Art/Assets/YughuesFreeMetalMaterials/Materials/Textures/T_38_Normal.tga
  artifactKey: Guid(ff112d4d8095778409870405738d14f6) Importer(815301076,1909f56bfc062723c751e8b465ee728b)
Start importing Assets/Art Assets/ThermoFlux-Machine_Art/Assets/YughuesFreeMetalMaterials/Materials/Textures/T_38_Normal.tga using Guid(ff112d4d8095778409870405738d14f6) Importer(815301076,1909f56bfc062723c751e8b465ee728b) [PhysX] Initialized MultithreadedTaskDispatcher with 16 workers.
[PhysX] Initialized MultithreadedTaskDispatcher with 16 workers.
 -> (artifact id: 'cc7926076d3edde84d6b097774da16ea') in 0.013260 seconds
Number of updated asset objects reloaded before import = 0
Number of asset objects unloaded after import = 2
========================================================================
Received Import Request.
  Time since last request: 0.067711 seconds.
  path: Assets/Art Assets/ThermoFlux-Machine_Art/Assets/YughuesFreeMetalMaterials/Materials/Textures/T_39_Specular.tga
  artifactKey: Guid(f2a8ab14dca00204884e746b5744858a) Importer(815301076,1909f56bfc062723c751e8b465ee728b)
Start importing Assets/Art Assets/ThermoFlux-Machine_Art/Assets/YughuesFreeMetalMaterials/Materials/Textures/T_39_Specular.tga using Guid(f2a8ab14dca00204884e746b5744858a) Importer(815301076,1909f56bfc062723c751e8b465ee728b) [PhysX] Initialized MultithreadedTaskDispatcher with 16 workers.
[PhysX] Initialized MultithreadedTaskDispatcher with 16 workers.
 -> (artifact id: '90cf3416532e46c21929a5323faff231') in 0.015612 seconds
Number of updated asset objects reloaded before import = 0
Number of asset objects unloaded after import = 2
========================================================================
Received Import Request.
  Time since last request: 0.253123 seconds.
  path: Assets/Art Assets/ThermoFlux-Machine_Art/Assets/YughuesFreeMetalMaterials/Materials/Textures/T_40_Specular.tga
  artifactKey: Guid(ee3155f5d3a484044953d855fd5f0843) Importer(815301076,1909f56bfc062723c751e8b465ee728b)
Start importing Assets/Art Assets/ThermoFlux-Machine_Art/Assets/YughuesFreeMetalMaterials/Materials/Textures/T_40_Specular.tga using Guid(ee3155f5d3a484044953d855fd5f0843) Importer(815301076,1909f56bfc062723c751e8b465ee728b) [PhysX] Initialized MultithreadedTaskDispatcher with 16 workers.
[PhysX] Initialized MultithreadedTaskDispatcher with 16 workers.
 -> (artifact id: '6042bcae033cfb076ed1fae883b46b8a') in 0.015680 seconds
Number of updated asset objects reloaded before import = 0
Number of asset objects unloaded after import = 2
========================================================================
Received Import Request.
  Time since last request: 0.051363 seconds.
  path: Assets/Art Assets/ThermoFlux-Machine_Art/Assets/YughuesFreeMetalMaterials/Materials/Textures/T_41_Specular.tga
  artifactKey: Guid(05f26edba3a3bc34d938d1de68119378) Importer(815301076,1909f56bfc062723c751e8b465ee728b)
Start importing Assets/Art Assets/ThermoFlux-Machine_Art/Assets/YughuesFreeMetalMaterials/Materials/Textures/T_41_Specular.tga using Guid(05f26edba3a3bc34d938d1de68119378) Importer(815301076,1909f56bfc062723c751e8b465ee728b) [PhysX] Initialized MultithreadedTaskDispatcher with 16 workers.
[PhysX] Initialized MultithreadedTaskDispatcher with 16 workers.
 -> (artifact id: '2a99984eac5cfb467e9ed599a774a380') in 0.014746 seconds
Number of updated asset objects reloaded before import = 0
Number of asset objects unloaded after import = 2
========================================================================
Received Import Request.
  Time since last request: 0.021584 seconds.
  path: Assets/Art Assets/ThermoFlux-Machine_Art/Assets/YughuesFreeMetalMaterials/Materials/Textures/T_42_Specular.tga
  artifactKey: Guid(b75eeacb25d0bf147b73f6f7d50387a4) Importer(815301076,1909f56bfc062723c751e8b465ee728b)
Start importing Assets/Art Assets/ThermoFlux-Machine_Art/Assets/YughuesFreeMetalMaterials/Materials/Textures/T_42_Specular.tga using Guid(b75eeacb25d0bf147b73f6f7d50387a4) Importer(815301076,1909f56bfc062723c751e8b465ee728b) [PhysX] Initialized MultithreadedTaskDispatcher with 16 workers.
[PhysX] Initialized MultithreadedTaskDispatcher with 16 workers.
 -> (artifact id: '96f4fdc177783934067f91f766708ea5') in 0.015182 seconds
Number of updated asset objects reloaded before import = 0
Number of asset objects unloaded after import = 2
========================================================================
Received Import Request.
  Time since last request: 0.072684 seconds.
  path: Assets/Art Assets/ThermoFlux-Machine_Art/Assets/YughuesFreeMetalMaterials/Materials/Textures/T_43_Specular.tga
  artifactKey: Guid(15f2fefe38afc5348b47b4a2e6988bdf) Importer(815301076,1909f56bfc062723c751e8b465ee728b)
Start importing Assets/Art Assets/ThermoFlux-Machine_Art/Assets/YughuesFreeMetalMaterials/Materials/Textures/T_43_Specular.tga using Guid(15f2fefe38afc5348b47b4a2e6988bdf) Importer(815301076,1909f56bfc062723c751e8b465ee728b) [PhysX] Initialized MultithreadedTaskDispatcher with 16 workers.
[PhysX] Initialized MultithreadedTaskDispatcher with 16 workers.
 -> (artifact id: 'bb37ff39890678df85250a373602c31f') in 0.013824 seconds
Number of updated asset objects reloaded before import = 0
Number of asset objects unloaded after import = 2
========================================================================
Received Import Request.
  Time since last request: 0.017499 seconds.
  path: Assets/Art Assets/ThermoFlux-Machine_Art/Assets/YughuesFreeMetalMaterials/Materials/Textures/T_44_Specular.tga
  artifactKey: Guid(54fc8c0a3aa3da9479ee01e94328e9c7) Importer(815301076,1909f56bfc062723c751e8b465ee728b)
Start importing Assets/Art Assets/ThermoFlux-Machine_Art/Assets/YughuesFreeMetalMaterials/Materials/Textures/T_44_Specular.tga using Guid(54fc8c0a3aa3da9479ee01e94328e9c7) Importer(815301076,1909f56bfc062723c751e8b465ee728b) [PhysX] Initialized MultithreadedTaskDispatcher with 16 workers.
[PhysX] Initialized MultithreadedTaskDispatcher with 16 workers.
 -> (artifact id: '0a25c98cdc63a69d167bd72df400d59f') in 0.015147 seconds
Number of updated asset objects reloaded before import = 0
Number of asset objects unloaded after import = 2
========================================================================
Received Import Request.
  Time since last request: 0.019769 seconds.
  path: Assets/Art Assets/ThermoFlux-Machine_Art/Assets/YughuesFreeMetalMaterials/Materials/Textures/T_45_Specular.tga
  artifactKey: Guid(2148d522e737aa7428d1d5d792651d6d) Importer(815301076,1909f56bfc062723c751e8b465ee728b)
Start importing Assets/Art Assets/ThermoFlux-Machine_Art/Assets/YughuesFreeMetalMaterials/Materials/Textures/T_45_Specular.tga using Guid(2148d522e737aa7428d1d5d792651d6d) Importer(815301076,1909f56bfc062723c751e8b465ee728b) [PhysX] Initialized MultithreadedTaskDispatcher with 16 workers.
[PhysX] Initialized MultithreadedTaskDispatcher with 16 workers.
 -> (artifact id: '03e92a75dbda27b3c7e81dc2323580f8') in 0.015702 seconds
Number of updated asset objects reloaded before import = 0
Number of asset objects unloaded after import = 2
========================================================================
Received Import Request.
  Time since last request: 0.000023 seconds.
  path: Assets/Art Assets/ThermoFlux-Machine_Art/Assets/YughuesFreeMetalMaterials/Materials/Textures/T_46_Specular.tga
  artifactKey: Guid(8bc770dd8bed136429f69e2a33a1586b) Importer(815301076,1909f56bfc062723c751e8b465ee728b)
Start importing Assets/Art Assets/ThermoFlux-Machine_Art/Assets/YughuesFreeMetalMaterials/Materials/Textures/T_46_Specular.tga using Guid(8bc770dd8bed136429f69e2a33a1586b) Importer(815301076,1909f56bfc062723c751e8b465ee728b) [PhysX] Initialized MultithreadedTaskDispatcher with 16 workers.
[PhysX] Initialized MultithreadedTaskDispatcher with 16 workers.
 -> (artifact id: '07886676c9efdc0282aad6e539207503') in 0.015439 seconds
Number of updated asset objects reloaded before import = 0
Number of asset objects unloaded after import = 2
========================================================================
Received Import Request.
  Time since last request: 0.000035 seconds.
  path: Assets/Art Assets/ThermoFlux-Machine_Art/Assets/YughuesFreeMetalMaterials/Materials/Textures/T_47_Specular.tga
  artifactKey: Guid(00519038c9eba4c42b26e4168e27a50f) Importer(815301076,1909f56bfc062723c751e8b465ee728b)
Start importing Assets/Art Assets/ThermoFlux-Machine_Art/Assets/YughuesFreeMetalMaterials/Materials/Textures/T_47_Specular.tga using Guid(00519038c9eba4c42b26e4168e27a50f) Importer(815301076,1909f56bfc062723c751e8b465ee728b) [PhysX] Initialized MultithreadedTaskDispatcher with 16 workers.
[PhysX] Initialized MultithreadedTaskDispatcher with 16 workers.
 -> (artifact id: '306853e4d071baa1b2a91f1e2b820914') in 0.015321 seconds
Number of updated asset objects reloaded before import = 0
Number of asset objects unloaded after import = 2
========================================================================
Received Import Request.
  Time since last request: 0.036657 seconds.
  path: Assets/Art Assets/ThermoFlux-Machine_Art/Assets/YughuesFreeMetalMaterials/Materials/Textures/T_49_Specular.tga
  artifactKey: Guid(a7d7b7d31df755f4c866a76fa5d1e33e) Importer(815301076,1909f56bfc062723c751e8b465ee728b)
Start importing Assets/Art Assets/ThermoFlux-Machine_Art/Assets/YughuesFreeMetalMaterials/Materials/Textures/T_49_Specular.tga using Guid(a7d7b7d31df755f4c866a76fa5d1e33e) Importer(815301076,1909f56bfc062723c751e8b465ee728b) [PhysX] Initialized MultithreadedTaskDispatcher with 16 workers.
[PhysX] Initialized MultithreadedTaskDispatcher with 16 workers.
 -> (artifact id: '71235b036284efa877992ebb2fa866f6') in 0.014492 seconds
Number of updated asset objects reloaded before import = 0
Number of asset objects unloaded after import = 2
========================================================================
Received Import Request.
  Time since last request: 0.028852 seconds.
  path: Assets/Art Assets/ThermoFlux-Machine_Art/Assets/YughuesFreeMetalMaterials/Materials/Textures/T_50_Specular.tga
  artifactKey: Guid(d702ca62fd313ed4da224fbda008871a) Importer(815301076,1909f56bfc062723c751e8b465ee728b)
Start importing Assets/Art Assets/ThermoFlux-Machine_Art/Assets/YughuesFreeMetalMaterials/Materials/Textures/T_50_Specular.tga using Guid(d702ca62fd313ed4da224fbda008871a) Importer(815301076,1909f56bfc062723c751e8b465ee728b) [PhysX] Initialized MultithreadedTaskDispatcher with 16 workers.
[PhysX] Initialized MultithreadedTaskDispatcher with 16 workers.
 -> (artifact id: 'aae9f982134ae411f1a00195c49d88d9') in 0.015709 seconds
Number of updated asset objects reloaded before import = 0
Number of asset objects unloaded after import = 2
========================================================================
Received Import Request.
  Time since last request: 0.000021 seconds.
  path: Assets/Art Assets/ThermoFlux-Machine_Art/Assets/StarterAssets/Mobile/UI/UI_Circle_Bevel_Base.png
  artifactKey: Guid(b74c31d447d2f5d41a61081bdf5e7126) Importer(815301076,1909f56bfc062723c751e8b465ee728b)
Start importing Assets/Art Assets/ThermoFlux-Machine_Art/Assets/StarterAssets/Mobile/UI/UI_Circle_Bevel_Base.png using Guid(b74c31d447d2f5d41a61081bdf5e7126) Importer(815301076,1909f56bfc062723c751e8b465ee728b) [PhysX] Initialized MultithreadedTaskDispatcher with 16 workers.
[PhysX] Initialized MultithreadedTaskDispatcher with 16 workers.
 -> (artifact id: '425c19fb406820edfbbc43c65c1af962') in 0.024837 seconds
Number of updated asset objects reloaded before import = 0
Number of asset objects unloaded after import = 3
========================================================================
Received Import Request.
  Time since last request: 0.005026 seconds.
  path: Assets/Art Assets/ThermoFlux-Machine_Art/Assets/StarterAssets/Mobile/UI/UI_Icon_Look.png
  artifactKey: Guid(af0ae2dbf3d1efb4f82af377950704a2) Importer(815301076,1909f56bfc062723c751e8b465ee728b)
Start importing Assets/Art Assets/ThermoFlux-Machine_Art/Assets/StarterAssets/Mobile/UI/UI_Icon_Look.png using Guid(af0ae2dbf3d1efb4f82af377950704a2) Importer(815301076,1909f56bfc062723c751e8b465ee728b) [PhysX] Initialized MultithreadedTaskDispatcher with 16 workers.
[PhysX] Initialized MultithreadedTaskDispatcher with 16 workers.
 -> (artifact id: '9935b16ac86364c3c25e79524d6a532b') in 0.019964 seconds
Number of updated asset objects reloaded before import = 0
Number of asset objects unloaded after import = 3
Editor requested this worker to shutdown with reason: Scaling down because of idle timeout
TcpMessagingSession - receive error: operation aborted. errorcode: 995, details: The I/O operation has been aborted because of either a thread exit or an application request.
AssetImportWorker is now disconnected from the server
Process exiting
Exiting without the bug reporter. Application will terminate with return code 0